../../Middlewares/ST/touchgfx/framework/include/touchgfx/Screen.hpp:104:18:virtual void touchgfx::Screen::afterTransition()	0	static
../../Middlewares/ST/touchgfx/framework/include/touchgfx/Screen.hpp:144:18:virtual void touchgfx::Screen::handleTickEvent()	0	static
../../Middlewares/ST/touchgfx/framework/include/touchgfx/Screen.hpp:154:18:virtual void touchgfx::Screen::handleKeyEvent(uint8_t)	0	static
C:/TouchGFXProjects/FInalProject1/TouchGFX/gui/src/customscreen_screen/CustomScreenView.cpp:25:6:virtual void CustomScreenView::tearDownScreen()	0	static
C:/TouchGFXProjects/FInalProject1/TouchGFX/gui/src/customscreen_screen/CustomScreenView.cpp:30:6:virtual void CustomScreenView::addDot(int)	0	static
C:/TouchGFXProjects/FInalProject1/TouchGFX/gui/src/customscreen_screen/CustomScreenView.cpp:41:6:virtual void CustomScreenView::dot1Selected()	0	static
C:/TouchGFXProjects/FInalProject1/TouchGFX/gui/src/customscreen_screen/CustomScreenView.cpp:45:6:virtual void CustomScreenView::dot2Selected()	0	static
C:/TouchGFXProjects/FInalProject1/TouchGFX/gui/src/customscreen_screen/CustomScreenView.cpp:49:6:virtual void CustomScreenView::dot3Selected()	0	static
C:/TouchGFXProjects/FInalProject1/TouchGFX/gui/src/customscreen_screen/CustomScreenView.cpp:53:6:virtual void CustomScreenView::dot4Selected()	0	static
C:/TouchGFXProjects/FInalProject1/TouchGFX/gui/src/customscreen_screen/CustomScreenView.cpp:57:6:virtual void CustomScreenView::dot5Selected()	0	static
C:/TouchGFXProjects/FInalProject1/TouchGFX/gui/src/customscreen_screen/CustomScreenView.cpp:61:6:virtual void CustomScreenView::dot6Selected()	0	static
C:/TouchGFXProjects/FInalProject1/TouchGFX/gui/src/customscreen_screen/CustomScreenView.cpp:65:6:virtual void CustomScreenView::dot7Selected()	0	static
C:/TouchGFXProjects/FInalProject1/TouchGFX/gui/src/customscreen_screen/CustomScreenView.cpp:69:6:virtual void CustomScreenView::dot8Selected()	0	static
C:/TouchGFXProjects/FInalProject1/TouchGFX/gui/src/customscreen_screen/CustomScreenView.cpp:73:6:virtual void CustomScreenView::dot9Selected()	0	static
C:/TouchGFXProjects/FInalProject1/TouchGFX/gui/src/customscreen_screen/CustomScreenView.cpp:36:6:virtual void CustomScreenView::clearConnectedDot()	0	static
C:/TouchGFXProjects/FInalProject1/TouchGFX/gui/src/customscreen_screen/CustomScreenView.cpp:78:6:virtual void CustomScreenView::deletePatern()	8	static
../../TouchGFX/gui/include/gui/customscreen_screen/CustomScreenView.hpp:11:13:CustomScreenView::~CustomScreenView()	8	static
../../TouchGFX/gui/include/gui/customscreen_screen/CustomScreenView.hpp:11:13:virtual CustomScreenView::~CustomScreenView()	8	static
C:/TouchGFXProjects/FInalProject1/TouchGFX/gui/src/customscreen_screen/CustomScreenView.cpp:10:1:CustomScreenView::CustomScreenView()	8	static
C:/TouchGFXProjects/FInalProject1/TouchGFX/gui/src/customscreen_screen/CustomScreenView.cpp:19:6:virtual void CustomScreenView::setupScreen()	0	static
