../../Middlewares/ST/touchgfx/framework/include/touchgfx/Screen.hpp:104:18:virtual void touchgfx::Screen::afterTransition()	0	static
../../Middlewares/ST/touchgfx/framework/include/touchgfx/Screen.hpp:154:18:virtual void touchgfx::Screen::handleKeyEvent(uint8_t)	0	static
../../TouchGFX/generated/gui_generated/include/gui_generated/mainscreen_screen/MainScreenViewBase.hpp:25:18:virtual void MainScreenViewBase::setDotId(int8_t)	0	static
C:/TouchGFXProjects/FInalProject1/TouchGFX/gui/src/mainscreen_screen/MainScreenView.cpp:37:6:virtual void MainScreenView::tearDownScreen()	0	static
C:/TouchGFXProjects/FInalProject1/TouchGFX/gui/src/mainscreen_screen/MainScreenView.cpp:47:6:virtual void MainScreenView::addDot(int)	0	static
C:/TouchGFXProjects/FInalProject1/TouchGFX/gui/src/mainscreen_screen/MainScreenView.cpp:70:6:virtual void MainScreenView::dot1Selected()	0	static
C:/TouchGFXProjects/FInalProject1/TouchGFX/gui/src/mainscreen_screen/MainScreenView.cpp:74:6:virtual void MainScreenView::dot2Selected()	0	static
C:/TouchGFXProjects/FInalProject1/TouchGFX/gui/src/mainscreen_screen/MainScreenView.cpp:78:6:virtual void MainScreenView::dot3Selected()	0	static
C:/TouchGFXProjects/FInalProject1/TouchGFX/gui/src/mainscreen_screen/MainScreenView.cpp:82:6:virtual void MainScreenView::dot4Selected()	0	static
C:/TouchGFXProjects/FInalProject1/TouchGFX/gui/src/mainscreen_screen/MainScreenView.cpp:86:6:virtual void MainScreenView::dot5Selected()	0	static
C:/TouchGFXProjects/FInalProject1/TouchGFX/gui/src/mainscreen_screen/MainScreenView.cpp:90:6:virtual void MainScreenView::dot6Selected()	0	static
C:/TouchGFXProjects/FInalProject1/TouchGFX/gui/src/mainscreen_screen/MainScreenView.cpp:94:6:virtual void MainScreenView::dot7Selected()	0	static
C:/TouchGFXProjects/FInalProject1/TouchGFX/gui/src/mainscreen_screen/MainScreenView.cpp:98:6:virtual void MainScreenView::dot8Selected()	0	static
C:/TouchGFXProjects/FInalProject1/TouchGFX/gui/src/mainscreen_screen/MainScreenView.cpp:102:6:virtual void MainScreenView::dot9Selected()	0	static
C:/TouchGFXProjects/FInalProject1/TouchGFX/gui/src/mainscreen_screen/MainScreenView.cpp:53:6:virtual void MainScreenView::clearConnectedDot()	0	static
C:/TouchGFXProjects/FInalProject1/TouchGFX/gui/src/mainscreen_screen/MainScreenView.cpp:58:6:virtual void MainScreenView::sucessIden()	16	static
C:/TouchGFXProjects/FInalProject1/TouchGFX/gui/src/mainscreen_screen/MainScreenView.cpp:64:6:virtual void MainScreenView::falseIden()	16	static
C:/TouchGFXProjects/FInalProject1/TouchGFX/gui/src/mainscreen_screen/MainScreenView.cpp:106:6:virtual void MainScreenView::deletePattern()	8	static
C:/TouchGFXProjects/FInalProject1/TouchGFX/gui/src/mainscreen_screen/MainScreenView.cpp:112:6:virtual void MainScreenView::confirmPattern()	24	static
../../TouchGFX/gui/include/gui/mainscreen_screen/MainScreenView.hpp:13:13:MainScreenView::~MainScreenView()	8	static
../../TouchGFX/gui/include/gui/mainscreen_screen/MainScreenView.hpp:13:13:virtual MainScreenView::~MainScreenView()	8	static
C:/TouchGFXProjects/FInalProject1/TouchGFX/gui/src/mainscreen_screen/MainScreenView.cpp:27:1:MainScreenView::MainScreenView()	8	static
C:/TouchGFXProjects/FInalProject1/TouchGFX/gui/src/mainscreen_screen/MainScreenView.cpp:32:6:virtual void MainScreenView::setupScreen()	0	static
